lli: <stdin>:1:1: error: expected top-level entity
line 18: type mismatch
^
