lli: <stdin>:1:1: error: expected top-level entity
line 2: identifier readi is already defined
^
