lli: <stdin>:1:1: error: expected top-level entity
line 16: type mismatch
^
